// Jest Snapshot v1, https://goo.gl/fbAQLP

exports[`TopTrafficSourceWidget renders correctly with the expected metrics 1`] = `
<div>
  <div
    class="googlesitekit-widget googlesitekit-widget--kmAnalyticsTopTrafficSource googlesitekit-widget--no-padding"
  >
    <div
      class="googlesitekit-widget__body"
    >
      <div
        class="googlesitekit-km-widget-tile googlesitekit-km-widget-tile--text"
      >
        <div
          class="googlesitekit-km-widget-tile__title-container"
        >
          <h3
            class="googlesitekit-km-widget-tile__title"
          >
            Top traffic source
          </h3>
          <span
            class="googlesitekit-info-tooltip"
            title="Channel (e.g. social, paid, search) that brought in the most visitors to your site"
          >
            <svg />
          </span>
        </div>
        <div
          class="googlesitekit-km-widget-tile__body"
        >
          <div
            class="googlesitekit-km-widget-tile__metric"
          >
            Organic Search
          </div>
          <p
            class="googlesitekit-km-widget-tile__subtext"
          >
            100% of total traffic
          </p>
          <div
            class="googlesitekit-km-widget-tile__metric-change-container"
          >
            <div
              class="googlesitekit-change-badge googlesitekit-change-badge--zero"
            >
              0%
            </div>
          </div>
        </div>
      </div>
    </div>
  </div>
</div>
`;

exports[`TopTrafficSourceWidget retries both reports when an error is encountered 1`] = `
<div>
  <div
    class="googlesitekit-km-widget-tile--error"
  >
    <div
      class="googlesitekit-cta googlesitekit-cta--error"
    >
      <div
        class="googlesitekit-cta__header"
      >
        <h2
          class="googlesitekit-cta__header_text"
        >
          Top traffic source
        </h2>
        <span
          class="googlesitekit-info-tooltip"
          title="Channel (e.g. social, paid, search) that brought in the most visitors to your site"
        >
          <svg />
        </span>
      </div>
      <h3
        class="googlesitekit-cta__title"
      >
        Data loading failed
      </h3>
      
      
      
      
      <div
        class="googlesitekit-report-error-actions"
      >
        <button
          class="mdc-button mdc-button--raised"
          target="_self"
        >
          <span
            class="mdc-button__label"
          >
            Retry
          </span>
        </button>
        <span
          class="googlesitekit-error-retry-text"
        >
          Retry didn’t work? 
          <a
            aria-label="Get help (opens in a new tab)"
            class="googlesitekit-cta-link"
            href="undefined?error_id=invalid_json"
            rel="noopener noreferrer"
            target="_blank"
          >
            Get help
          </a>
        </span>
      </div>
    </div>
  </div>
</div>
`;

exports[`TopTrafficSourceWidget retries both reports when an error is encountered 2`] = `
<div>
  <div
    class="googlesitekit-widget googlesitekit-widget--kmAnalyticsTopTrafficSource googlesitekit-widget--no-padding"
  >
    <div
      class="googlesitekit-widget__body"
    >
      <div
        class="googlesitekit-km-widget-tile googlesitekit-km-widget-tile--text"
      >
        <div
          class="googlesitekit-km-widget-tile__title-container"
        >
          <h3
            class="googlesitekit-km-widget-tile__title"
          >
            Top traffic source
          </h3>
          <span
            class="googlesitekit-info-tooltip"
            title="Channel (e.g. social, paid, search) that brought in the most visitors to your site"
          >
            <svg />
          </span>
        </div>
        <div
          class="googlesitekit-km-widget-tile__body"
        >
          <div
            class="googlesitekit-km-widget-tile__metric"
          >
            Organic Search
          </div>
          <p
            class="googlesitekit-km-widget-tile__subtext"
          >
            100% of total traffic
          </p>
          <div
            class="googlesitekit-km-widget-tile__metric-change-container"
          >
            <div
              class="googlesitekit-change-badge googlesitekit-change-badge--zero"
            >
              0%
            </div>
          </div>
        </div>
      </div>
    </div>
  </div>
</div>
`;
