// Jest Snapshot v1, https://goo.gl/fbAQLP

exports[`modules/analytics properties selectors getPropertiesIncludingGA4 returns a sorted list of ua and ga4 properties  1`] = `
Array [
  Object {
    "accountId": "151753095",
    "childLink": Object {
      "href": "https://www.googleapis.com/analytics/v3/management/accounts/151753095/webproperties/UA-151753095-10/profiles",
      "type": "analytics#profiles",
    },
    "created": "2019-11-20T21:14:23.356Z",
    "dataRetentionResetOnNewActivity": true,
    "dataRetentionTtl": "MONTHS_26",
    "defaultProfileId": "206632054",
    "id": "UA-151753095-10",
    "industryVertical": null,
    "internalWebPropertyId": "216199992",
    "kind": "analytics#webproperty",
    "level": "STANDARD",
    "name": "accepted-land.example.com",
    "parentLink": Object {
      "href": "https://www.googleapis.com/analytics/v3/management/accounts/151753095",
      "type": "analytics#account",
    },
    "permissions": Object {
      "effective": Array [
        "COLLABORATE",
        "EDIT",
        "MANAGE_USERS",
        "READ_AND_ANALYZE",
      ],
    },
    "profileCount": 1,
    "selfLink": "https://www.googleapis.com/analytics/v3/management/accounts/151753095/webproperties/UA-151753095-10",
    "starred": null,
    "updated": "2019-11-20T21:14:24.849Z",
    "websiteUrl": null,
  },
  Object {
    "accountId": "151753095",
    "childLink": Object {
      "href": "https://www.googleapis.com/analytics/v3/management/accounts/151753095/webproperties/UA-151753095-12/profiles",
      "type": "analytics#profiles",
    },
    "created": "2019-11-21T19:18:33.920Z",
    "dataRetentionResetOnNewActivity": true,
    "dataRetentionTtl": "MONTHS_26",
    "defaultProfileId": "206693720",
    "id": "UA-151753095-12",
    "industryVertical": null,
    "internalWebPropertyId": "216259981",
    "kind": "analytics#webproperty",
    "level": "STANDARD",
    "name": "amused-condor.example.com",
    "parentLink": Object {
      "href": "https://www.googleapis.com/analytics/v3/management/accounts/151753095",
      "type": "analytics#account",
    },
    "permissions": Object {
      "effective": Array [
        "COLLABORATE",
        "EDIT",
        "MANAGE_USERS",
        "READ_AND_ANALYZE",
      ],
    },
    "profileCount": 1,
    "selfLink": "https://www.googleapis.com/analytics/v3/management/accounts/151753095/webproperties/UA-151753095-12",
    "starred": null,
    "updated": "2019-11-21T19:18:35.449Z",
    "websiteUrl": null,
  },
  Object {
    "_accountID": "151753095",
    "_id": "151753095-9",
    "createTime": "2014-10-02T15:01:23Z",
    "currencyCode": "USD",
    "deleted": false,
    "displayName": "continental-song.example.com",
    "id": "151753095-9",
    "industryCategory": "TECHNOLOGY",
    "name": "continental-song.example.com",
    "parent": "accounts/100",
    "timeZone": "America/Los_Angeles",
    "updateTime": "2014-10-02T15:01:23Z",
  },
  Object {
    "accountId": "151753095",
    "childLink": Object {
      "href": "https://www.googleapis.com/analytics/v3/management/accounts/151753095/webproperties/UA-151753095-9/profiles",
      "type": "analytics#profiles",
    },
    "created": "2019-11-14T17:17:12.709Z",
    "dataRetentionResetOnNewActivity": true,
    "dataRetentionTtl": "MONTHS_26",
    "defaultProfileId": "206195345",
    "id": "UA-151753095-9",
    "industryVertical": null,
    "internalWebPropertyId": "215620650",
    "kind": "analytics#webproperty",
    "level": "STANDARD",
    "name": "continental-song.example.com",
    "parentLink": Object {
      "href": "https://www.googleapis.com/analytics/v3/management/accounts/151753095",
      "type": "analytics#account",
    },
    "permissions": Object {
      "effective": Array [
        "COLLABORATE",
        "EDIT",
        "MANAGE_USERS",
        "READ_AND_ANALYZE",
      ],
    },
    "profileCount": 1,
    "selfLink": "https://www.googleapis.com/analytics/v3/management/accounts/151753095/webproperties/UA-151753095-9",
    "starred": null,
    "updated": "2019-11-14T17:17:14.305Z",
    "websiteUrl": null,
  },
  Object {
    "accountId": "151753095",
    "childLink": Object {
      "href": "https://www.googleapis.com/analytics/v3/management/accounts/151753095/webproperties/UA-151753095-17/profiles",
      "type": "analytics#profiles",
    },
    "created": "2019-12-05T16:02:23.384Z",
    "dataRetentionResetOnNewActivity": true,
    "dataRetentionTtl": "MONTHS_26",
    "defaultProfileId": "207540387",
    "id": "UA-151753095-17",
    "industryVertical": null,
    "internalWebPropertyId": "217408645",
    "kind": "analytics#webproperty",
    "level": "STANDARD",
    "name": "driving-gazelle.example.com",
    "parentLink": Object {
      "href": "https://www.googleapis.com/analytics/v3/management/accounts/151753095",
      "type": "analytics#account",
    },
    "permissions": Object {
      "effective": Array [
        "COLLABORATE",
        "EDIT",
        "MANAGE_USERS",
        "READ_AND_ANALYZE",
      ],
    },
    "profileCount": 1,
    "selfLink": "https://www.googleapis.com/analytics/v3/management/accounts/151753095/webproperties/UA-151753095-17",
    "starred": null,
    "updated": "2019-12-05T16:02:25.241Z",
    "websiteUrl": null,
  },
  Object {
    "accountId": "151753095",
    "childLink": Object {
      "href": "https://www.googleapis.com/analytics/v3/management/accounts/151753095/webproperties/UA-151753095-15/profiles",
      "type": "analytics#profiles",
    },
    "created": "2019-12-04T19:01:58.158Z",
    "dataRetentionResetOnNewActivity": true,
    "dataRetentionTtl": "MONTHS_26",
    "defaultProfileId": "207469871",
    "id": "UA-151753095-15",
    "industryVertical": null,
    "internalWebPropertyId": "217310328",
    "kind": "analytics#webproperty",
    "level": "STANDARD",
    "name": "heavy-turtle.example.com",
    "parentLink": Object {
      "href": "https://www.googleapis.com/analytics/v3/management/accounts/151753095",
      "type": "analytics#account",
    },
    "permissions": Object {
      "effective": Array [
        "COLLABORATE",
        "EDIT",
        "MANAGE_USERS",
        "READ_AND_ANALYZE",
      ],
    },
    "profileCount": 1,
    "selfLink": "https://www.googleapis.com/analytics/v3/management/accounts/151753095/webproperties/UA-151753095-15",
    "starred": null,
    "updated": "2019-12-04T19:01:59.417Z",
    "websiteUrl": null,
  },
  Object {
    "accountId": "151753095",
    "childLink": Object {
      "href": "https://www.googleapis.com/analytics/v3/management/accounts/151753095/webproperties/UA-151753095-14/profiles",
      "type": "analytics#profiles",
    },
    "created": "2019-11-25T14:36:13.163Z",
    "dataRetentionResetOnNewActivity": true,
    "dataRetentionTtl": "MONTHS_26",
    "defaultProfileId": "206891396",
    "id": "UA-151753095-14",
    "industryVertical": null,
    "internalWebPropertyId": "216536605",
    "kind": "analytics#webproperty",
    "level": "STANDARD",
    "name": "maximum-rainbow.example.com",
    "parentLink": Object {
      "href": "https://www.googleapis.com/analytics/v3/management/accounts/151753095",
      "type": "analytics#account",
    },
    "permissions": Object {
      "effective": Array [
        "COLLABORATE",
        "EDIT",
        "MANAGE_USERS",
        "READ_AND_ANALYZE",
      ],
    },
    "profileCount": 1,
    "selfLink": "https://www.googleapis.com/analytics/v3/management/accounts/151753095/webproperties/UA-151753095-14",
    "starred": null,
    "updated": "2019-11-25T14:36:14.533Z",
    "websiteUrl": null,
  },
  Object {
    "accountId": "151753095",
    "childLink": Object {
      "href": "https://www.googleapis.com/analytics/v3/management/accounts/151753095/webproperties/UA-151753095-16/profiles",
      "type": "analytics#profiles",
    },
    "created": "2019-12-05T14:38:36.289Z",
    "dataRetentionResetOnNewActivity": true,
    "dataRetentionTtl": "MONTHS_26",
    "defaultProfileId": "207496955",
    "id": "UA-151753095-16",
    "industryVertical": null,
    "internalWebPropertyId": "217395710",
    "kind": "analytics#webproperty",
    "level": "STANDARD",
    "name": "native-bird.example.com",
    "parentLink": Object {
      "href": "https://www.googleapis.com/analytics/v3/management/accounts/151753095",
      "type": "analytics#account",
    },
    "permissions": Object {
      "effective": Array [
        "COLLABORATE",
        "EDIT",
        "MANAGE_USERS",
        "READ_AND_ANALYZE",
      ],
    },
    "profileCount": 1,
    "selfLink": "https://www.googleapis.com/analytics/v3/management/accounts/151753095/webproperties/UA-151753095-16",
    "starred": null,
    "updated": "2019-12-05T14:38:38.168Z",
    "websiteUrl": null,
  },
  Object {
    "accountId": "151753095",
    "childLink": Object {
      "href": "https://www.googleapis.com/analytics/v3/management/accounts/151753095/webproperties/UA-151753095-13/profiles",
      "type": "analytics#profiles",
    },
    "created": "2019-11-25T13:40:16.332Z",
    "dataRetentionResetOnNewActivity": true,
    "dataRetentionTtl": "MONTHS_26",
    "defaultProfileId": "206840015",
    "id": "UA-151753095-13",
    "industryVertical": null,
    "internalWebPropertyId": "216549282",
    "kind": "analytics#webproperty",
    "level": "STANDARD",
    "name": "occupational-hornets.example.com",
    "parentLink": Object {
      "href": "https://www.googleapis.com/analytics/v3/management/accounts/151753095",
      "type": "analytics#account",
    },
    "permissions": Object {
      "effective": Array [
        "COLLABORATE",
        "EDIT",
        "MANAGE_USERS",
        "READ_AND_ANALYZE",
      ],
    },
    "profileCount": 1,
    "selfLink": "https://www.googleapis.com/analytics/v3/management/accounts/151753095/webproperties/UA-151753095-13",
    "starred": null,
    "updated": "2019-11-25T13:40:17.977Z",
    "websiteUrl": null,
  },
  Object {
    "accountId": "151753095",
    "childLink": Object {
      "href": "https://www.googleapis.com/analytics/v3/management/accounts/151753095/webproperties/UA-151753095-11/profiles",
      "type": "analytics#profiles",
    },
    "created": "2019-11-21T13:31:48.033Z",
    "dataRetentionResetOnNewActivity": true,
    "dataRetentionTtl": "MONTHS_26",
    "defaultProfileId": "206702585",
    "id": "UA-151753095-11",
    "industryVertical": null,
    "internalWebPropertyId": "216297199",
    "kind": "analytics#webproperty",
    "level": "STANDARD",
    "name": "passive-west.example.com",
    "parentLink": Object {
      "href": "https://www.googleapis.com/analytics/v3/management/accounts/151753095",
      "type": "analytics#account",
    },
    "permissions": Object {
      "effective": Array [
        "COLLABORATE",
        "EDIT",
        "MANAGE_USERS",
        "READ_AND_ANALYZE",
      ],
    },
    "profileCount": 1,
    "selfLink": "https://www.googleapis.com/analytics/v3/management/accounts/151753095/webproperties/UA-151753095-11",
    "starred": null,
    "updated": "2019-11-21T13:31:49.388Z",
    "websiteUrl": null,
  },
  Object {
    "_accountID": "151753095",
    "_id": "151753095-1",
    "createTime": "2014-10-02T15:01:23Z",
    "currencyCode": "USD",
    "deleted": false,
    "displayName": "rwh",
    "id": "151753095-1",
    "industryCategory": "TECHNOLOGY",
    "name": "rwh",
    "parent": "accounts/100",
    "timeZone": "America/Los_Angeles",
    "updateTime": "2014-10-02T15:01:23Z",
  },
  Object {
    "accountId": "151753095",
    "childLink": Object {
      "href": "https://www.googleapis.com/analytics/v3/management/accounts/151753095/webproperties/UA-151753095-1/profiles",
      "type": "analytics#profiles",
    },
    "created": "2019-11-07T11:19:21.809Z",
    "dataRetentionResetOnNewActivity": true,
    "dataRetentionTtl": "MONTHS_26",
    "defaultProfileId": "205382010",
    "id": "UA-151753095-1",
    "industryVertical": "UNSPECIFIED",
    "internalWebPropertyId": "214679897",
    "kind": "analytics#webproperty",
    "level": "STANDARD",
    "name": "rwh",
    "parentLink": Object {
      "href": "https://www.googleapis.com/analytics/v3/management/accounts/151753095",
      "type": "analytics#account",
    },
    "permissions": Object {
      "effective": Array [
        "COLLABORATE",
        "EDIT",
        "MANAGE_USERS",
        "READ_AND_ANALYZE",
      ],
    },
    "profileCount": 1,
    "selfLink": "https://www.googleapis.com/analytics/v3/management/accounts/151753095/webproperties/UA-151753095-1",
    "starred": null,
    "updated": "2019-11-07T11:19:21.809Z",
    "websiteUrl": "http://wrhwh.com",
  },
  Object {
    "_accountID": "151753095",
    "_id": "151753095-2",
    "createTime": "2014-10-02T15:01:23Z",
    "currencyCode": "USD",
    "deleted": false,
    "displayName": "troubled-tipped.example.com",
    "id": "151753095-2",
    "industryCategory": "TECHNOLOGY",
    "name": "troubled-tipped.example.com",
    "parent": "accounts/100",
    "timeZone": "America/Los_Angeles",
    "updateTime": "2014-10-02T15:01:23Z",
  },
  Object {
    "accountId": "151753095",
    "childLink": Object {
      "href": "https://www.googleapis.com/analytics/v3/management/accounts/151753095/webproperties/UA-151753095-2/profiles",
      "type": "analytics#profiles",
    },
    "created": "2019-11-07T18:19:42.743Z",
    "dataRetentionResetOnNewActivity": true,
    "dataRetentionTtl": "MONTHS_26",
    "defaultProfileId": "205369776",
    "id": "UA-151753095-2",
    "industryVertical": null,
    "internalWebPropertyId": "214682530",
    "kind": "analytics#webproperty",
    "level": "STANDARD",
    "name": "troubled-tipped.example.com",
    "parentLink": Object {
      "href": "https://www.googleapis.com/analytics/v3/management/accounts/151753095",
      "type": "analytics#account",
    },
    "permissions": Object {
      "effective": Array [
        "COLLABORATE",
        "EDIT",
        "MANAGE_USERS",
        "READ_AND_ANALYZE",
      ],
    },
    "profileCount": 1,
    "selfLink": "https://www.googleapis.com/analytics/v3/management/accounts/151753095/webproperties/UA-151753095-2",
    "starred": null,
    "updated": "2019-11-07T18:19:44.019Z",
    "websiteUrl": null,
  },
  Object {
    "_accountID": "151753095-8",
    "_id": "151753095",
    "createTime": "2014-10-02T15:01:23Z",
    "currencyCode": "USD",
    "deleted": false,
    "displayName": "wide-eastern.example.com",
    "id": "151753095",
    "industryCategory": "TECHNOLOGY",
    "name": "wide-eastern.example.com",
    "parent": "accounts/100",
    "timeZone": "America/Los_Angeles",
    "updateTime": "2014-10-02T15:01:23Z",
  },
  Object {
    "accountId": "151753095",
    "childLink": Object {
      "href": "https://www.googleapis.com/analytics/v3/management/accounts/151753095/webproperties/UA-151753095-8/profiles",
      "type": "analytics#profiles",
    },
    "created": "2019-11-08T11:51:03.017Z",
    "dataRetentionResetOnNewActivity": true,
    "dataRetentionTtl": "MONTHS_26",
    "defaultProfileId": "205521980",
    "id": "UA-151753095-8",
    "industryVertical": null,
    "internalWebPropertyId": "214836683",
    "kind": "analytics#webproperty",
    "level": "STANDARD",
    "name": "wide-eastern.example.com",
    "parentLink": Object {
      "href": "https://www.googleapis.com/analytics/v3/management/accounts/151753095",
      "type": "analytics#account",
    },
    "permissions": Object {
      "effective": Array [
        "COLLABORATE",
        "EDIT",
        "MANAGE_USERS",
        "READ_AND_ANALYZE",
      ],
    },
    "profileCount": 1,
    "selfLink": "https://www.googleapis.com/analytics/v3/management/accounts/151753095/webproperties/UA-151753095-8",
    "starred": null,
    "updated": "2019-11-08T11:51:04.546Z",
    "websiteUrl": null,
  },
  Object {
    "_accountID": "151753095",
    "_id": "151753095-3",
    "createTime": "2014-10-02T15:01:23Z",
    "currencyCode": "USD",
    "deleted": false,
    "displayName": "Test GA4 Property",
    "id": "151753095-3",
    "industryCategory": "TECHNOLOGY",
    "name": "www.elasticpress.io",
    "parent": "accounts/100",
    "timeZone": "America/Los_Angeles",
    "updateTime": "2014-10-02T15:01:23Z",
  },
  Object {
    "_accountID": "151753095",
    "_id": "151753095-4",
    "createTime": "2014-10-02T15:01:23Z",
    "currencyCode": "USD",
    "deleted": false,
    "displayName": "www.elasticpress.io",
    "id": "151753095-4",
    "industryCategory": "TECHNOLOGY",
    "name": "www.elasticpress.io",
    "parent": "accounts/100",
    "timeZone": "America/Los_Angeles",
    "updateTime": "2014-10-02T15:01:23Z",
  },
  Object {
    "accountId": "151753095",
    "childLink": Object {
      "href": "https://www.googleapis.com/analytics/v3/management/accounts/151753095/webproperties/UA-151753095-3/profiles",
      "type": "analytics#profiles",
    },
    "created": "2019-11-07T18:26:20.368Z",
    "dataRetentionResetOnNewActivity": true,
    "dataRetentionTtl": "MONTHS_26",
    "defaultProfileId": "205371805",
    "id": "UA-151753095-3",
    "industryVertical": null,
    "internalWebPropertyId": "214704330",
    "kind": "analytics#webproperty",
    "level": "STANDARD",
    "name": "www.elasticpress.io",
    "parentLink": Object {
      "href": "https://www.googleapis.com/analytics/v3/management/accounts/151753095",
      "type": "analytics#account",
    },
    "permissions": Object {
      "effective": Array [
        "COLLABORATE",
        "EDIT",
        "MANAGE_USERS",
        "READ_AND_ANALYZE",
      ],
    },
    "profileCount": 1,
    "selfLink": "https://www.googleapis.com/analytics/v3/management/accounts/151753095/webproperties/UA-151753095-3",
    "starred": null,
    "updated": "2019-11-07T18:26:23.774Z",
    "websiteUrl": null,
  },
  Object {
    "accountId": "151753095",
    "childLink": Object {
      "href": "https://www.googleapis.com/analytics/v3/management/accounts/151753095/webproperties/UA-151753095-4/profiles",
      "type": "analytics#profiles",
    },
    "created": "2019-11-07T18:33:00.502Z",
    "dataRetentionResetOnNewActivity": true,
    "dataRetentionTtl": "MONTHS_26",
    "defaultProfileId": "205361907",
    "id": "UA-151753095-4",
    "industryVertical": null,
    "internalWebPropertyId": "214686162",
    "kind": "analytics#webproperty",
    "level": "STANDARD",
    "name": "www.elasticpress.io",
    "parentLink": Object {
      "href": "https://www.googleapis.com/analytics/v3/management/accounts/151753095",
      "type": "analytics#account",
    },
    "permissions": Object {
      "effective": Array [
        "COLLABORATE",
        "EDIT",
        "MANAGE_USERS",
        "READ_AND_ANALYZE",
      ],
    },
    "profileCount": 1,
    "selfLink": "https://www.googleapis.com/analytics/v3/management/accounts/151753095/webproperties/UA-151753095-4",
    "starred": null,
    "updated": "2019-11-07T18:33:02.868Z",
    "websiteUrl": null,
  },
  Object {
    "accountId": "151753095",
    "childLink": Object {
      "href": "https://www.googleapis.com/analytics/v3/management/accounts/151753095/webproperties/UA-151753095-5/profiles",
      "type": "analytics#profiles",
    },
    "created": "2019-11-07T19:07:26.522Z",
    "dataRetentionResetOnNewActivity": true,
    "dataRetentionTtl": "MONTHS_26",
    "defaultProfileId": "205379543",
    "id": "UA-151753095-5",
    "industryVertical": null,
    "internalWebPropertyId": "214672980",
    "kind": "analytics#webproperty",
    "level": "STANDARD",
    "name": "www.elasticpress.io",
    "parentLink": Object {
      "href": "https://www.googleapis.com/analytics/v3/management/accounts/151753095",
      "type": "analytics#account",
    },
    "permissions": Object {
      "effective": Array [
        "COLLABORATE",
        "EDIT",
        "MANAGE_USERS",
        "READ_AND_ANALYZE",
      ],
    },
    "profileCount": 1,
    "selfLink": "https://www.googleapis.com/analytics/v3/management/accounts/151753095/webproperties/UA-151753095-5",
    "starred": null,
    "updated": "2019-11-07T19:07:29.427Z",
    "websiteUrl": null,
  },
  Object {
    "accountId": "151753095",
    "childLink": Object {
      "href": "https://www.googleapis.com/analytics/v3/management/accounts/151753095/webproperties/UA-151753095-6/profiles",
      "type": "analytics#profiles",
    },
    "created": "2019-11-07T19:12:54.407Z",
    "dataRetentionResetOnNewActivity": true,
    "dataRetentionTtl": "MONTHS_26",
    "defaultProfileId": "205363610",
    "id": "UA-151753095-6",
    "industryVertical": null,
    "internalWebPropertyId": "214698073",
    "kind": "analytics#webproperty",
    "level": "STANDARD",
    "name": "www.elasticpress.io",
    "parentLink": Object {
      "href": "https://www.googleapis.com/analytics/v3/management/accounts/151753095",
      "type": "analytics#account",
    },
    "permissions": Object {
      "effective": Array [
        "COLLABORATE",
        "EDIT",
        "MANAGE_USERS",
        "READ_AND_ANALYZE",
      ],
    },
    "profileCount": 1,
    "selfLink": "https://www.googleapis.com/analytics/v3/management/accounts/151753095/webproperties/UA-151753095-6",
    "starred": null,
    "updated": "2019-11-07T19:12:57.636Z",
    "websiteUrl": null,
  },
  Object {
    "accountId": "151753095",
    "childLink": Object {
      "href": "https://www.googleapis.com/analytics/v3/management/accounts/151753095/webproperties/UA-151753095-7/profiles",
      "type": "analytics#profiles",
    },
    "created": "2019-11-07T19:19:01.491Z",
    "dataRetentionResetOnNewActivity": true,
    "dataRetentionTtl": "MONTHS_26",
    "defaultProfileId": "205365411",
    "id": "UA-151753095-7",
    "industryVertical": null,
    "internalWebPropertyId": "214698748",
    "kind": "analytics#webproperty",
    "level": "STANDARD",
    "name": "www.elasticpress.io",
    "parentLink": Object {
      "href": "https://www.googleapis.com/analytics/v3/management/accounts/151753095",
      "type": "analytics#account",
    },
    "permissions": Object {
      "effective": Array [
        "COLLABORATE",
        "EDIT",
        "MANAGE_USERS",
        "READ_AND_ANALYZE",
      ],
    },
    "profileCount": 1,
    "selfLink": "https://www.googleapis.com/analytics/v3/management/accounts/151753095/webproperties/UA-151753095-7",
    "starred": null,
    "updated": "2019-11-07T19:19:04.038Z",
    "websiteUrl": null,
  },
]
`;
