// Jest Snapshot v1, https://goo.gl/fbAQLP

exports[`SetupForm renders the form correctly when setup flow mode is GA4 1`] = `
<div>
  <form
    class="googlesitekit-analytics-setup__form"
  >
    <p
      class="googlesitekit-margin-bottom-0"
    >
      Please select the account information below. You can change this later in your settings.
    </p>
    <div
      class="googlesitekit-setup-module__inputs"
    >
      <div
        class="mdc-select googlesitekit-analytics__select-account mdc-select--outlined"
      >
        <i
          class="mdc-select__dropdown-icon"
        />
        <input
          name="enhanced-select"
          type="hidden"
          value="22305160"
        />
        <div
          aria-disabled="false"
          class="mdc-select__selected-text"
          tabindex="0"
        >
          10up
        </div>
        <div
          class="mdc-notched-outline mdc-notched-outline--upgraded mdc-notched-outline--notched"
        >
          <div
            class="mdc-notched-outline__leading"
          />
          <div
            class="mdc-notched-outline__notch"
          >
            <label
              class="mdc-floating-label mdc-floating-label--float-above"
              for="googlesitekit-select-0"
              style=""
            >
              Account
            </label>
          </div>
          <div
            class="mdc-notched-outline__trailing"
          />
        </div>
      </div>
      <div
        class="mdc-select googlesitekit-analytics-4__select-property googlesitekit-analytics-4__select-property--loaded mdc-select--outlined"
      >
        <i
          class="mdc-select__dropdown-icon"
        />
        <input
          name="enhanced-select"
          type="hidden"
          value="property_create"
        />
        <div
          aria-disabled="false"
          class="mdc-select__selected-text"
          tabindex="0"
        >
          Set up a new property
        </div>
        <div
          class="mdc-notched-outline mdc-notched-outline--upgraded mdc-notched-outline--notched"
        >
          <div
            class="mdc-notched-outline__leading"
          />
          <div
            class="mdc-notched-outline__notch"
          >
            <label
              class="mdc-floating-label mdc-floating-label--float-above"
              for="googlesitekit-select-1"
              style=""
            >
              Property
            </label>
          </div>
          <div
            class="mdc-notched-outline__trailing"
          />
        </div>
      </div>
      <div
        class="mdc-select googlesitekit-analytics-4__select-webdatastream mdc-select--outlined"
      >
        <i
          class="mdc-select__dropdown-icon"
        />
        <input
          name="enhanced-select"
          type="hidden"
          value="webdatastream_create"
        />
        <div
          aria-disabled="false"
          class="mdc-select__selected-text"
          tabindex="0"
        >
          Set up a new web data stream
        </div>
        <div
          class="mdc-notched-outline mdc-notched-outline--upgraded mdc-notched-outline--notched"
        >
          <div
            class="mdc-notched-outline__leading"
          />
          <div
            class="mdc-notched-outline__notch"
          >
            <label
              class="mdc-floating-label mdc-floating-label--float-above"
              for="googlesitekit-select-2"
              style=""
            >
              Web Data Stream
            </label>
          </div>
          <div
            class="mdc-notched-outline__trailing"
          />
        </div>
      </div>
    </div>
    <div
      class="googlesitekit-setup-module__action"
    >
      <button
        class="mdc-button mdc-button--raised"
        target="_self"
      >
        <span
          class="mdc-button__label"
        >
          Configure Analytics
        </span>
      </button>
    </div>
  </form>
</div>
`;

exports[`SetupForm renders the form with a progress bar when GTM containers are not resolved 1`] = `
<div>
  <div
    class="mdc-linear-progress mdc-linear-progress--indeterminate"
    role="progressbar"
  >
    <div
      class="mdc-linear-progress__buffering-dots"
    />
    <div
      class="mdc-linear-progress__buffer"
    />
    <div
      class="mdc-linear-progress__bar mdc-linear-progress__primary-bar"
    >
      <span
        class="mdc-linear-progress__bar-inner"
      />
    </div>
    <div
      class="mdc-linear-progress__bar mdc-linear-progress__secondary-bar"
    >
      <span
        class="mdc-linear-progress__bar-inner"
      />
    </div>
  </div>
</div>
`;
