// Jest Snapshot v1, https://goo.gl/fbAQLP

exports[`ProductIDContributionsNotification should render correctly 1`] = `
<div>
  <section
    id="rrm-product-id-contributions-notification"
  >
    <div
      class="mdc-layout-grid"
    >
      <div
        class="mdc-layout-grid__inner"
      >
        <div
          class="googlesitekit-subtle-notification googlesitekit-subtle-notification--new-feature mdc-layout-grid__cell mdc-layout-grid__cell--align-middle mdc-layout-grid__cell--span-12"
        >
          <div
            class="googlesitekit-subtle-notification__icon"
          >
            <svg />
          </div>
          <div
            class="googlesitekit-subtle-notification__content"
          >
            <p />
            <p
              class="googlesitekit-subtle-notification__secondary_description"
            >
              New! You can now select product IDs to use with your Reader Revenue Manager snippet
            </p>
          </div>
          <div
            class="googlesitekit-subtle-notification__action"
          >
            <button
              class="mdc-button mdc-button--tertiary"
              target="_self"
            >
              <span
                class="mdc-button__label"
              >
                Got it
              </span>
            </button>
            <a
              class="mdc-button googlesitekit-subtle-notification__cta mdc-button--raised"
              href="http://example.com/wp-admin/admin.php?page=googlesitekit-settings#connected-services/reader-revenue-manager/edit"
              role="button"
              target="_self"
            >
              <span
                class="mdc-button__label"
              >
                Edit settings
              </span>
            </a>
          </div>
        </div>
      </div>
    </div>
  </section>
</div>
`;
