// Vitest Snapshot v1, https://vitest.dev/guide/snapshot.html

exports[`AudienceTilesWidget > should render correctly when there is partial data for Site Kit audiences 1`] = `<div />`;

exports[`AudienceTilesWidget > should render when all configured audiences are matching available audiences 1`] = `<div />`;

exports[`AudienceTilesWidget > should render when configured audience is matching available audiences 1`] = `<div />`;

exports[`AudienceTilesWidget > should render with no data in the comparison date range 1`] = `<div />`;

exports[`AudienceTilesWidget > should render with no data in the comparison date range and partial data 1`] = `<div />`;
