// Vitest Snapshot v1, https://vitest.dev/guide/snapshot.html

exports[`DashboardAllTrafficWidgetGA4 > should render an error state if there is a report error 1`] = `
<div>
  <div
    class="googlesitekit-widget googlesitekit-widget--analyticsAllTrafficGA4"
  >
    <div
      class="googlesitekit-widget__body"
    >
      <div
        class="googlesitekit-cta googlesitekit-cta--error"
      >
        
        <div
          class="googlesitekit-cta__body"
        >
          <h3
            class="googlesitekit-typography googlesitekit-cta__title googlesitekit-typography--title googlesitekit-typography--small"
          >
            Data error in Analytics
          </h3>
          <div
            class="googlesitekit-cta__description"
          >
            <p>
              Request parameter is empty: metrics.
            </p>
          </div>
          
          
          <div
            class="googlesitekit-report-error-actions"
          >
            <div>
              <a
                aria-label="Get help (opens in a new tab)"
                class="googlesitekit-cta-link"
                href="undefined?error_id=missing_required_param"
                rel="noopener noreferrer"
                target="_blank"
              >
                <span
                  class="googlesitekit-cta-link__contents"
                >
                  Get help
                </span>
              </a>
            </div>
          </div>
        </div>
      </div>
    </div>
  </div>
</div>
`;
