// Jest Snapshot v1, https://goo.gl/fbAQLP

exports[`ConsentModeSetupCTABanner should render the banner 1`] = `
<div>
  <section
    id="consent-mode-setup-cta-widget"
  >
    <div
      class="googlesitekit-widget-context"
    >
      <div
        class="mdc-layout-grid"
      >
        <div
          class="mdc-layout-grid__inner"
        >
          <div
            class="mdc-layout-grid__cell mdc-layout-grid__cell--span-12"
          >
            <div
              class="googlesitekit-banner googlesitekit-banner--setup-cta"
            >
              <div
                class="googlesitekit-banner__content"
              >
                <p
                  class="googlesitekit-banner__title"
                >
                  Enable Consent Mode to preserve tracking for your Ads campaigns
                </p>
                <div
                  class="googlesitekit-banner__description"
                >
                  <span>
                    Consent mode interacts with your Consent Management Platform (CMP) or custom implementation for obtaining visitor consent, such as a cookie consent banner.
                  </span>
                   
                  <a
                    aria-label="Learn more (opens in a new tab)"
                    class="googlesitekit-cta-link"
                    href="https://sitekit.withgoogle.com/support/?doc=consent-mode"
                    rel="noopener noreferrer"
                    target="_blank"
                  >
                    <span
                      class="googlesitekit-cta-link__contents"
                    >
                      Learn more
                    </span>
                    <span
                      class="googlesitekit-icon-wrapper"
                      style="margin-left: 5px;"
                    >
                      <svg />
                    </span>
                  </a>
                </div>
                <div
                  class="googlesitekit-notice__action"
                >
                  <a
                    class="mdc-button googlesitekit-banner__cta googlesitekit-button-icon--spinner googlesitekit-button-icon--spinner__after mdc-button--raised"
                    href="http://example.com/wp-admin/admin.php?page=googlesitekit-settings#/admin-settings"
                    role="button"
                    target="_self"
                  >
                    <span
                      class="mdc-button__label"
                    >
                      Enable consent mode
                    </span>
                  </a>
                  <button
                    class="mdc-button mdc-button--tertiary"
                    target="_self"
                  >
                    <span
                      class="mdc-button__label"
                    >
                      Maybe later
                    </span>
                  </button>
                </div>
              </div>
              <div
                class="googlesitekit-banner__svg-wrapper googlesitekit-banner__svg-wrapper--center"
                style="background-image: url(data:image/svg+xml;base64,PHN2ZyB3aWR0aD0iMjQiIGhlaWdodD0iMjQiIHhtbG5zPSJodHRwOi8vd3d3LnczLm9yZy8yMDAwL3N2ZyI+PC9zdmc+);"
              />
            </div>
          </div>
        </div>
      </div>
    </div>
  </section>
</div>
`;
