// Jest Snapshot v1, https://goo.gl/fbAQLP

exports[`Google Tag Manager Builder fake data test should create the same data from factory builders on each test run 1`] = `
Object {
  "account": Object {
    "accountId": "101",
    "name": "eligendi architecto veritatis",
    "path": "accounts/101",
  },
  "ampContainers": Array [
    Object {
      "accountId": "101",
      "containerId": "204",
      "fingerprint": "1659722009251",
      "name": "ipsam autem commodi",
      "path": "accounts/101/containers/204",
      "publicId": "GTM-FAKE1GA",
      "tagManagerUrl": "https://tagmanager.google.com/#/container/accounts/101/containers/204/workspaces?apiLink=container",
      "usageContext": Array [
        "amp",
      ],
    },
    Object {
      "accountId": "101",
      "containerId": "205",
      "fingerprint": "1598036773673",
      "name": "beatae praesentium minus",
      "path": "accounts/101/containers/205",
      "publicId": "GTM-FAKE92X",
      "tagManagerUrl": "https://tagmanager.google.com/#/container/accounts/101/containers/205/workspaces?apiLink=container",
      "usageContext": Array [
        "amp",
      ],
    },
    Object {
      "accountId": "101",
      "containerId": "206",
      "fingerprint": "1651675594863",
      "name": "praesentium at perspiciatis",
      "path": "accounts/101/containers/206",
      "publicId": "GTM-FAKEVOH",
      "tagManagerUrl": "https://tagmanager.google.com/#/container/accounts/101/containers/206/workspaces?apiLink=container",
      "usageContext": Array [
        "amp",
      ],
    },
  ],
  "webContainers": Array [
    Object {
      "accountId": "101",
      "containerId": "201",
      "fingerprint": "1614114199379",
      "name": "occaecati nam quae",
      "path": "accounts/101/containers/201",
      "publicId": "GTM-FAKEKZ3",
      "tagManagerUrl": "https://tagmanager.google.com/#/container/accounts/101/containers/201/workspaces?apiLink=container",
      "usageContext": Array [
        "web",
      ],
    },
    Object {
      "accountId": "101",
      "containerId": "202",
      "fingerprint": "1605120212901",
      "name": "reprehenderit non dolores",
      "path": "accounts/101/containers/202",
      "publicId": "GTM-FAKEDB5",
      "tagManagerUrl": "https://tagmanager.google.com/#/container/accounts/101/containers/202/workspaces?apiLink=container",
      "usageContext": Array [
        "web",
      ],
    },
    Object {
      "accountId": "101",
      "containerId": "203",
      "fingerprint": "1657849729596",
      "name": "nostrum consequatur eligendi",
      "path": "accounts/101/containers/203",
      "publicId": "GTM-FAKEU1G",
      "tagManagerUrl": "https://tagmanager.google.com/#/container/accounts/101/containers/203/workspaces?apiLink=container",
      "usageContext": Array [
        "web",
      ],
    },
  ],
}
`;
